[21-04-2026 09:27:40] INFO  [rust | pidigits | release | process | -@-]
[21-04-2026 09:27:40] INFO    Build started
[21-04-2026 09:27:45] INFO    Build success
[21-04-2026 09:27:45] WARN    Build warnings:
Updating crates.io index
     Locking 7 packages to latest Rust 1.90.0 compatible versions
   Compiling libc v0.2.185
   Compiling gmp-mpfr-sys v1.7.0
   Compiling libm v0.2.16
   Compiling rug v1.29.0
   Compiling az v1.3.0
   Compiling program v0.1.0 (/home/dragos/Documents/green-languages-scenarios/build/rust/pidigits)
    Finished `release` profile [optimized] target(s) in 5.12s
[21-04-2026 09:27:45] INFO    Test started (1 runs, 1 internal runs)
[21-04-2026 09:27:45] INFO      Run 1/1 started
[21-04-2026 09:27:46] INFO      Run 1/1 completed
[21-04-2026 09:27:46] INFO    Test completed
[21-04-2026 09:27:46] INFO  [rust | pidigits | release | process | -20@-]
[21-04-2026 09:27:46] INFO    Build started
[21-04-2026 09:27:46] INFO    Build success
[21-04-2026 09:27:46] WARN    Build warnings:
Compiling program v0.1.0 (/home/dragos/Documents/green-languages-scenarios/build/rust/pidigits)
    Finished `release` profile [optimized] target(s) in 0.12s
[21-04-2026 09:27:46] INFO    Test started (1 runs, 1 internal runs)
[21-04-2026 09:27:46] INFO      Run 1/1 started
[21-04-2026 09:27:46] INFO      Run 1/1 completed
[21-04-2026 09:27:46] INFO    Test completed
[21-04-2026 09:27:46] INFO  [rust | pidigits | release | process | -@5]
[21-04-2026 09:27:46] INFO    Build started
[21-04-2026 09:27:46] INFO    Build success
[21-04-2026 09:27:46] WARN    Build warnings:
Compiling program v0.1.0 (/home/dragos/Documents/green-languages-scenarios/build/rust/pidigits)
    Finished `release` profile [optimized] target(s) in 0.13s
[21-04-2026 09:27:46] INFO    Test started (1 runs, 1 internal runs)
[21-04-2026 09:27:46] INFO      Run 1/1 started
[21-04-2026 09:27:47] INFO      Run 1/1 completed
[21-04-2026 09:27:47] INFO    Test completed
[21-04-2026 09:27:47] INFO  [rust | pidigits | release | process | -20@5]
[21-04-2026 09:27:47] INFO    Build started
[21-04-2026 09:27:47] INFO    Build success
[21-04-2026 09:27:47] WARN    Build warnings:
Compiling program v0.1.0 (/home/dragos/Documents/green-languages-scenarios/build/rust/pidigits)
    Finished `release` profile [optimized] target(s) in 0.12s
[21-04-2026 09:27:47] INFO    Test started (1 runs, 1 internal runs)
[21-04-2026 09:27:47] INFO      Run 1/1 started
[21-04-2026 09:27:47] INFO      Run 1/1 completed
[21-04-2026 09:27:47] INFO    Test completed
